/Users/me/Google Drive/Madah/Other/Computer Science GitHub Repository/Cooper_Akiva_800347294/DataStructures/project/stage5/src/test/java/edu/yu/cs/com1320/project/stage2/OfficialStackAndCommandImplTest.java
/Users/me/Google Drive/Madah/Other/Computer Science GitHub Repository/Cooper_Akiva_800347294/DataStructures/project/stage5/src/test/java/edu/yu/cs/com1320/project/Utils.java
/Users/me/Google Drive/Madah/Other/Computer Science GitHub Repository/Cooper_Akiva_800347294/DataStructures/project/stage5/src/test/java/edu/yu/cs/com1320/project/stage1/HashTableImpl2Test.java
/Users/me/Google Drive/Madah/Other/Computer Science GitHub Repository/Cooper_Akiva_800347294/DataStructures/project/stage5/src/test/java/edu/yu/cs/com1320/project/stage3/OfficialTrieAPITest.java
/Users/me/Google Drive/Madah/Other/Computer Science GitHub Repository/Cooper_Akiva_800347294/DataStructures/project/stage5/src/test/java/edu/yu/cs/com1320/project/stage3/OfficialDocumentStoreImplTest.java
/Users/me/Google Drive/Madah/Other/Computer Science GitHub Repository/Cooper_Akiva_800347294/DataStructures/project/stage5/src/test/java/edu/yu/cs/com1320/project/stage1/OfficialHashTableAPITest.java
/Users/me/Google Drive/Madah/Other/Computer Science GitHub Repository/Cooper_Akiva_800347294/DataStructures/project/stage5/src/test/java/edu/yu/cs/com1320/project/stage1/OfficialDocumentAPITest.java
/Users/me/Google Drive/Madah/Other/Computer Science GitHub Repository/Cooper_Akiva_800347294/DataStructures/project/stage5/src/test/java/edu/yu/cs/com1320/project/stage2/DocumentStoreStageTwoTests.java
/Users/me/Google Drive/Madah/Other/Computer Science GitHub Repository/Cooper_Akiva_800347294/DataStructures/project/stage5/src/test/java/edu/yu/cs/com1320/project/stage4/OfficialHashTableAPITest.java
/Users/me/Google Drive/Madah/Other/Computer Science GitHub Repository/Cooper_Akiva_800347294/DataStructures/project/stage5/src/test/java/edu/yu/cs/com1320/project/stage3/GadiTest.java
/Users/me/Google Drive/Madah/Other/Computer Science GitHub Repository/Cooper_Akiva_800347294/DataStructures/project/stage5/src/test/java/edu/yu/cs/com1320/project/stage4/OfficialTrieImplTest.java
/Users/me/Google Drive/Madah/Other/Computer Science GitHub Repository/Cooper_Akiva_800347294/DataStructures/project/stage5/src/test/java/edu/yu/cs/com1320/project/stage4/OfficialMinHeapAPITest.java
/Users/me/Google Drive/Madah/Other/Computer Science GitHub Repository/Cooper_Akiva_800347294/DataStructures/project/stage5/src/test/java/edu/yu/cs/com1320/project/stage2/OfficialDocumentStoreAPITest.java
/Users/me/Google Drive/Madah/Other/Computer Science GitHub Repository/Cooper_Akiva_800347294/DataStructures/project/stage5/src/test/java/edu/yu/cs/com1320/project/stage2/SomeTest.java
/Users/me/Google Drive/Madah/Other/Computer Science GitHub Repository/Cooper_Akiva_800347294/DataStructures/project/stage5/src/test/java/edu/yu/cs/com1320/project/stage3/OfficialHashTableAPITest.java
/Users/me/Google Drive/Madah/Other/Computer Science GitHub Repository/Cooper_Akiva_800347294/DataStructures/project/stage5/src/test/java/edu/yu/cs/com1320/project/stage3/OfficialDocumentImplTest.java
/Users/me/Google Drive/Madah/Other/Computer Science GitHub Repository/Cooper_Akiva_800347294/DataStructures/project/stage5/src/test/java/edu/yu/cs/com1320/project/stage3/OfficialTrieImplTest.java
/Users/me/Google Drive/Madah/Other/Computer Science GitHub Repository/Cooper_Akiva_800347294/DataStructures/project/stage5/src/test/java/edu/yu/cs/com1320/project/stage4/OfficialDocumentStoreImplTest.java
/Users/me/Google Drive/Madah/Other/Computer Science GitHub Repository/Cooper_Akiva_800347294/DataStructures/project/stage5/src/test/java/edu/yu/cs/com1320/project/stage3/OfficialStackAPITest.java
/Users/me/Google Drive/Madah/Other/Computer Science GitHub Repository/Cooper_Akiva_800347294/DataStructures/project/stage5/src/test/java/edu/yu/cs/com1320/project/stage3/OfficialDocumentStoreAPITest.java
/Users/me/Google Drive/Madah/Other/Computer Science GitHub Repository/Cooper_Akiva_800347294/DataStructures/project/stage5/src/test/java/edu/yu/cs/com1320/project/stage4/OfficialTrieAPITest.java
/Users/me/Google Drive/Madah/Other/Computer Science GitHub Repository/Cooper_Akiva_800347294/DataStructures/project/stage5/src/test/java/edu/yu/cs/com1320/project/stage1/YehudaSTest.java
/Users/me/Google Drive/Madah/Other/Computer Science GitHub Repository/Cooper_Akiva_800347294/DataStructures/project/stage5/src/test/java/edu/yu/cs/com1320/project/stage3/OfficialHashTableImplTest.java
/Users/me/Google Drive/Madah/Other/Computer Science GitHub Repository/Cooper_Akiva_800347294/DataStructures/project/stage5/src/test/java/edu/yu/cs/com1320/project/stage2/OfficialStackAPITest.java
/Users/me/Google Drive/Madah/Other/Computer Science GitHub Repository/Cooper_Akiva_800347294/DataStructures/project/stage5/src/test/java/edu/yu/cs/com1320/project/stage1/OfficialHashTableImplTest.java
/Users/me/Google Drive/Madah/Other/Computer Science GitHub Repository/Cooper_Akiva_800347294/DataStructures/project/stage5/src/test/java/edu/yu/cs/com1320/project/stage1/GadiTest.java
/Users/me/Google Drive/Madah/Other/Computer Science GitHub Repository/Cooper_Akiva_800347294/DataStructures/project/stage5/src/test/java/edu/yu/cs/com1320/project/stage2/OfficialUndoTest.java
/Users/me/Google Drive/Madah/Other/Computer Science GitHub Repository/Cooper_Akiva_800347294/DataStructures/project/stage5/src/test/java/edu/yu/cs/com1320/project/stage4/OfficialDocumentImplTest.java
/Users/me/Google Drive/Madah/Other/Computer Science GitHub Repository/Cooper_Akiva_800347294/DataStructures/project/stage5/src/test/java/edu/yu/cs/com1320/project/stage1/OfficialDocumentStoreImplTest.java
/Users/me/Google Drive/Madah/Other/Computer Science GitHub Repository/Cooper_Akiva_800347294/DataStructures/project/stage5/src/test/java/edu/yu/cs/com1320/project/stage4/OfficialHashTableImplTest.java
/Users/me/Google Drive/Madah/Other/Computer Science GitHub Repository/Cooper_Akiva_800347294/DataStructures/project/stage5/src/test/java/edu/yu/cs/com1320/project/stage4/OfficialDocumentAPITest.java
/Users/me/Google Drive/Madah/Other/Computer Science GitHub Repository/Cooper_Akiva_800347294/DataStructures/project/stage5/src/test/java/edu/yu/cs/com1320/project/stage4/OfficialStackAPITest.java
/Users/me/Google Drive/Madah/Other/Computer Science GitHub Repository/Cooper_Akiva_800347294/DataStructures/project/stage5/src/test/java/edu/yu/cs/com1320/project/stage4/OfficialDocumentStoreAPITest.java
/Users/me/Google Drive/Madah/Other/Computer Science GitHub Repository/Cooper_Akiva_800347294/DataStructures/project/stage5/src/test/java/edu/yu/cs/com1320/project/stage3/OfficialStackAndCommandImplTest.java
/Users/me/Google Drive/Madah/Other/Computer Science GitHub Repository/Cooper_Akiva_800347294/DataStructures/project/stage5/src/test/java/edu/yu/cs/com1320/project/stage2/RadinskyDocStoreTest.java
/Users/me/Google Drive/Madah/Other/Computer Science GitHub Repository/Cooper_Akiva_800347294/DataStructures/project/stage5/src/test/java/edu/yu/cs/com1320/project/stage4/DocumentStoreImplTest.java
/Users/me/Google Drive/Madah/Other/Computer Science GitHub Repository/Cooper_Akiva_800347294/DataStructures/project/stage5/src/test/java/edu/yu/cs/com1320/project/stage2/TwoTest.java
/Users/me/Google Drive/Madah/Other/Computer Science GitHub Repository/Cooper_Akiva_800347294/DataStructures/project/stage5/src/test/java/edu/yu/cs/com1320/project/stage3/TrieImplEdgeCaseTest.java
/Users/me/Google Drive/Madah/Other/Computer Science GitHub Repository/Cooper_Akiva_800347294/DataStructures/project/stage5/src/test/java/edu/yu/cs/com1320/project/stage1/HashTableImpl1Test.java
/Users/me/Google Drive/Madah/Other/Computer Science GitHub Repository/Cooper_Akiva_800347294/DataStructures/project/stage5/src/test/java/edu/yu/cs/com1320/project/stage2/TGTest.java
/Users/me/Google Drive/Madah/Other/Computer Science GitHub Repository/Cooper_Akiva_800347294/DataStructures/project/stage5/src/test/java/edu/yu/cs/com1320/project/stage3/ECTest.java
/Users/me/Google Drive/Madah/Other/Computer Science GitHub Repository/Cooper_Akiva_800347294/DataStructures/project/stage5/src/test/java/edu/yu/cs/com1320/project/stage1/OfficialDocumentStoreAPITest.java
/Users/me/Google Drive/Madah/Other/Computer Science GitHub Repository/Cooper_Akiva_800347294/DataStructures/project/stage5/src/test/java/edu/yu/cs/com1320/project/stage1/DocumentStoreImpl1Test.java
/Users/me/Google Drive/Madah/Other/Computer Science GitHub Repository/Cooper_Akiva_800347294/DataStructures/project/stage5/src/test/java/edu/yu/cs/com1320/project/stage2/OtherTest.java
/Users/me/Google Drive/Madah/Other/Computer Science GitHub Repository/Cooper_Akiva_800347294/DataStructures/project/stage5/src/test/java/edu/yu/cs/com1320/project/stage3/OfficialDocumentAPITest.java
/Users/me/Google Drive/Madah/Other/Computer Science GitHub Repository/Cooper_Akiva_800347294/DataStructures/project/stage5/src/test/java/edu/yu/cs/com1320/project/stage3/ECSimpleTest.java
/Users/me/Google Drive/Madah/Other/Computer Science GitHub Repository/Cooper_Akiva_800347294/DataStructures/project/stage5/src/test/java/edu/yu/cs/com1320/project/stage1/AviTest.java
/Users/me/Google Drive/Madah/Other/Computer Science GitHub Repository/Cooper_Akiva_800347294/DataStructures/project/stage5/src/test/java/edu/yu/cs/com1320/project/stage4/OfficialStackAndCommandImplTest.java
/Users/me/Google Drive/Madah/Other/Computer Science GitHub Repository/Cooper_Akiva_800347294/DataStructures/project/stage5/src/test/java/edu/yu/cs/com1320/project/stage4/OfficialUndoTest.java
/Users/me/Google Drive/Madah/Other/Computer Science GitHub Repository/Cooper_Akiva_800347294/DataStructures/project/stage5/src/test/java/edu/yu/cs/com1320/project/stage1/OfficialDocumentImplTest.java
/Users/me/Google Drive/Madah/Other/Computer Science GitHub Repository/Cooper_Akiva_800347294/DataStructures/project/stage5/src/test/java/edu/yu/cs/com1320/project/stage3/OfficialUndoTest.java
/Users/me/Google Drive/Madah/Other/Computer Science GitHub Repository/Cooper_Akiva_800347294/DataStructures/project/stage5/src/test/java/edu/yu/cs/com1320/project/stage4/MinHeapImplTest.java
/Users/me/Google Drive/Madah/Other/Computer Science GitHub Repository/Cooper_Akiva_800347294/DataStructures/project/stage5/src/test/java/edu/yu/cs/com1320/project/stage2/DocumentStoreImplTest.java
/Users/me/Google Drive/Madah/Other/Computer Science GitHub Repository/Cooper_Akiva_800347294/DataStructures/project/stage5/src/test/java/edu/yu/cs/com1320/project/stage3/DocumentStoreSearchTest.java
