/Users/me/Google Drive/Madah/Other/Computer Science GitHub Repository/Cooper_Akiva_800347294/DataStructures/project/stage5/src/main/java/edu/yu/cs/com1320/project/stage5/PersistenceManager.java
/Users/me/Google Drive/Madah/Other/Computer Science GitHub Repository/Cooper_Akiva_800347294/DataStructures/project/stage5/src/main/java/edu/yu/cs/com1320/project/stage5/impl/DocumentStoreImpl.java
/Users/me/Google Drive/Madah/Other/Computer Science GitHub Repository/Cooper_Akiva_800347294/DataStructures/project/stage5/src/main/java/edu/yu/cs/com1320/project/stage5/impl/DocumentPersistenceManager.java
/Users/me/Google Drive/Madah/Other/Computer Science GitHub Repository/Cooper_Akiva_800347294/DataStructures/project/stage5/src/main/java/edu/yu/cs/com1320/project/BTree.java
/Users/me/Google Drive/Madah/Other/Computer Science GitHub Repository/Cooper_Akiva_800347294/DataStructures/project/stage5/src/main/java/edu/yu/cs/com1320/project/impl/StackImpl.java
/Users/me/Google Drive/Madah/Other/Computer Science GitHub Repository/Cooper_Akiva_800347294/DataStructures/project/stage5/src/main/java/edu/yu/cs/com1320/project/stage5/Document.java
/Users/me/Google Drive/Madah/Other/Computer Science GitHub Repository/Cooper_Akiva_800347294/DataStructures/project/stage5/src/main/java/edu/yu/cs/com1320/project/Stack.java
/Users/me/Google Drive/Madah/Other/Computer Science GitHub Repository/Cooper_Akiva_800347294/DataStructures/project/stage5/src/main/java/edu/yu/cs/com1320/project/impl/MinHeapImpl.java
/Users/me/Google Drive/Madah/Other/Computer Science GitHub Repository/Cooper_Akiva_800347294/DataStructures/project/stage5/src/main/java/edu/yu/cs/com1320/project/GenericCommand.java
/Users/me/Google Drive/Madah/Other/Computer Science GitHub Repository/Cooper_Akiva_800347294/DataStructures/project/stage5/src/main/java/edu/yu/cs/com1320/project/Undoable.java
/Users/me/Google Drive/Madah/Other/Computer Science GitHub Repository/Cooper_Akiva_800347294/DataStructures/project/stage5/src/main/java/edu/yu/cs/com1320/project/impl/BTreeImpl.java
/Users/me/Google Drive/Madah/Other/Computer Science GitHub Repository/Cooper_Akiva_800347294/DataStructures/project/stage5/src/main/java/edu/yu/cs/com1320/project/MinHeap.java
/Users/me/Google Drive/Madah/Other/Computer Science GitHub Repository/Cooper_Akiva_800347294/DataStructures/project/stage5/src/main/java/edu/yu/cs/com1320/project/impl/TrieImpl.java
/Users/me/Google Drive/Madah/Other/Computer Science GitHub Repository/Cooper_Akiva_800347294/DataStructures/project/stage5/src/main/java/edu/yu/cs/com1320/project/stage5/DocumentStore.java
/Users/me/Google Drive/Madah/Other/Computer Science GitHub Repository/Cooper_Akiva_800347294/DataStructures/project/stage5/src/main/java/edu/yu/cs/com1320/project/Trie.java
/Users/me/Google Drive/Madah/Other/Computer Science GitHub Repository/Cooper_Akiva_800347294/DataStructures/project/stage5/src/main/java/edu/yu/cs/com1320/project/stage5/impl/DocumentImpl.java
/Users/me/Google Drive/Madah/Other/Computer Science GitHub Repository/Cooper_Akiva_800347294/DataStructures/project/stage5/src/main/java/edu/yu/cs/com1320/project/CommandSet.java
